// Jest Snapshot v1, https://goo.gl/fbAQLP

exports[`Home rendering Home Component should be rendered 1`] = `
Object {
  "$$typeof": Symbol(react.memo),
  "WrappedComponent": [Function],
  "compare": null,
  "displayName": "Connect(Home)",
  "type": [Function],
}
`;
